Microchip MPLAB XC8 Compiler V1.33 ()

Linker command line:

--edf=/Applications/microchip/xc8/v1.33old/dat/en_msgs.txt -cs \
  -h+dist/default/production/BDM2USB.production.sym \
  --cmf=dist/default/production/BDM2USB.production.cmf -z -Q16F1459 \
  -o/tmp/cgtoQntqD -Mdist/default/production/BDM2USB.production.map -E1 \
  -ver=XC8 -ASTACK=0225Fh-0231fh -pstack=STACK -ACONST=00h-0FFhx32 \
  -ACODE=00h-07FFhx4 -ASTRCODE=00h-01FFFh -AENTRY=00h-0FFhx32 \
  -ASTRING=00h-0FFhx32 -ACOMMON=070h-07Fh -ABANK0=020h-06Fh \
  -ABANK1=0A0h-0EFh -ABANK2=0120h-016Fh -ABANK3=01A0h-01EFh \
  -ABANK4=0220h-026Fh -ABANK5=02A0h-02EFh -ABANK6=0320h-036Fh \
  -ABANK7=03A0h-03EFh -ABANK8=0420h-046Fh -ABANK9=04A0h-04EFh \
  -ABANK10=0520h-056Fh -ABANK11=05A0h-05EFh -ABANK12=0620h-064Fh \
  -ABIGRAM=02000h-023EFh \
  -ARAM=020h-06Fh,0A0h-0EFh,0120h-016Fh,01A0h-01EFh,0220h-026Fh,02A0h-02EFh,0320h-036Fh,03A0h-03EFh,0420h-046Fh,04A0h-04EFh,0520h-056Fh,05A0h-05EFh,0620h-064Fh \
  -AABS1=020h-07Fh,0A0h-0EFh,0120h-016Fh,01A0h-01EFh,0220h-026Fh,02A0h-02EFh,0320h-036Fh,03A0h-03EFh,0420h-046Fh,04A0h-04EFh,0520h-056Fh,05A0h-05EFh,0620h-064Fh \
  -ASFR0=00h-01Fh -ASFR1=080h-09Fh -ASFR2=0100h-011Fh -ASFR3=0180h-019Fh \
  -ASFR4=0200h-021Fh -ASFR5=0280h-029Fh -ASFR6=0300h-031Fh \
  -ASFR7=0380h-039Fh -ASFR8=0400h-041Fh -ASFR9=0480h-049Fh \
  -ASFR10=0500h-051Fh -ASFR11=0580h-059Fh -ASFR12=0600h-061Fh \
  -ASFR13=0680h-06EFh -ASFR14=0700h-076Fh -ASFR15=0780h-07EFh \
  -ASFR16=0800h-086Fh -ASFR17=0880h-08EFh -ASFR18=0900h-096Fh \
  -ASFR19=0980h-09EFh -ASFR20=0A00h-0A6Fh -ASFR21=0A80h-0AEFh \
  -ASFR22=0B00h-0B6Fh -ASFR23=0B80h-0BEFh -ASFR24=0C00h-0C6Fh \
  -ASFR25=0C80h-0CEFh -ASFR26=0D00h-0D6Fh -ASFR27=0D80h-0DEFh \
  -ASFR28=0E00h-0E6Fh -ASFR29=0E80h-0EEFh -ASFR30=0F00h-0F6Fh \
  -ASFR31=0F80h-0FEFh -preset_vec=00h,intentry=04h,init,end_init \
  -ppowerup=CODE -pcinit=CODE -pfunctab=CODE -ACONFIG=08007h-08008h \
  -pconfig=CONFIG -DCONFIG=2 -AIDLOC=08000h-08003h -pidloc=IDLOC -DIDLOC=2 \
  -DCODE=2 -DSTRCODE=2 -DSTRING=2 -DCONST=2 -DENTRY=2 -k /tmp/cgtKieHlY.obj \
  dist/default/production/BDM2USB.production.obj 

Object code version is 3.11

Machine type is 16F1459



                Name                               Link     Load   Length Selector   Space Scale
/tmp/cgtKieHlY.obj
                end_init                              A        A        2        8       0
                reset_vec                             0        0        2        0       0
                config                             8007     8007        2    1000E       0
dist/default/production/BDM2USB.production.obj
                intentry                              4        4        6        8       0
                text40                              836      836       70     106C       0
                text39                              821      821       15     1042       0
                text30                             1A83     1A83      11B     3506       0
                text27                             1036     1036      3CF     206C       0
                text26                             1D09     1D09      170     3A12       0
                text13                             1405     1405      3FB     280A       0
                text11                             1E79     1E79      187     3CF2       0
                text10                                C        C      7F1        8       0
                text9                              1A3A     1A3A       49     3474       0
                text3                              1B9E     1B9E      16B     373C       0
                text1                               8A6      8A6      75A     114C       0
                cstackBANK0                          38       38       31       38       1
                cstackCOMMON                         70       70        E       70       1
                cstackBANK1                          A0       A0       30       A0       1
                cstackBANK3                         1CB      1CB       25      1CB       1
                cstackBANK4                         220      220       50      220       1
                cstackBANK5                         2A0      2A0       48      2A0       1
                cstackBANK6                         320      320       40      320       1
                clrtext                             815      815        C     102A       0
                dataBANK7                           3BA      3BA       15      3A0       1
                bssBANK7                            3A0      3A0       1A      3A0       1
                dataBANK6                           36E      36E        2      320       1
                bssBANK6                            360      360        E      320       1
                dataBANK5                           2E8      2E8        5      2A0       1
                bssBANK5                            2ED      2ED        3      2A0       1
                bssBANK0                             69       69        7       38       1
                stringtext                         1800     1800      1B4       30       0

TOTAL           Name                               Link     Load   Length     Space
        CLASS   STACK          

        CLASS   CONST          

        CLASS   CODE           
                end_init                              A        A        2         0
                intentry                              4        4        6         0
                reset_vec                             0        0        2         0
                text40                              836      836       70         0
                text39                              821      821       15         0
                text30                             1A83     1A83      11B         0
                text27                             1036     1036      3CF         0
                text26                             1D09     1D09      170         0
                text13                             1405     1405      3FB         0
                text11                             1E79     1E79      187         0
                text10                                C        C      7F1         0
                text9                              1A3A     1A3A       49         0
                text3                              1B9E     1B9E      16B         0
                text1                               8A6      8A6      75A         0
                clrtext                             815      815        C         0

        CLASS   STRCODE        
                stringtext                         1800     1800      1B4         0

        CLASS   ENTRY          

        CLASS   STRING         

        CLASS   COMMON         
                cstackCOMMON                         70       70        E         1

        CLASS   BANK0          
                cstackBANK0                          38       38       31         1
                bssBANK0                             69       69        7         1

        CLASS   BANK1          
                cstackBANK1                          A0       A0       30         1

        CLASS   BANK2          

        CLASS   BANK3          
                cstackBANK3                         1CB      1CB       25         1

        CLASS   BANK4          
                cstackBANK4                         220      220       50         1

        CLASS   BANK5          
                cstackBANK5                         2A0      2A0       48         1
                dataBANK5                           2E8      2E8        5         1
                bssBANK5                            2ED      2ED        3         1

        CLASS   BANK6          
                cstackBANK6                         320      320       40         1
                dataBANK6                           36E      36E        2         1
                bssBANK6                            360      360        E         1

        CLASS   BANK7          
                dataBANK7                           3BA      3BA       15         1
                bssBANK7                            3A0      3A0       1A         1

        CLASS   BANK8          

        CLASS   BANK9          

        CLASS   BANK10         

        CLASS   BANK11         

        CLASS   BANK12         

        CLASS   BIGRAM         

        CLASS   RAM            

        CLASS   ABS1           
                abs_s1                               20       20       18         1
                abs_s1                               7E       7E        2         1
                abs_s1                               D0       D0       20         1
                abs_s1                              120      120       50         1
                abs_s1                              1A0      1A0       2B         1
                abs_s1                              5C0      5C0       30         1
                abs_s1                              620      620       30         1
                abs_s1                             2390     2390        0         1

        CLASS   SFR0           

        CLASS   SFR1           

        CLASS   SFR2           

        CLASS   SFR3           

        CLASS   SFR4           

        CLASS   SFR5           

        CLASS   SFR6           

        CLASS   SFR7           

        CLASS   SFR8           

        CLASS   SFR9           

        CLASS   SFR10          

        CLASS   SFR11          

        CLASS   SFR12          

        CLASS   SFR13          

        CLASS   SFR14          

        CLASS   SFR15          

        CLASS   SFR16          

        CLASS   SFR17          

        CLASS   SFR18          

        CLASS   SFR19          

        CLASS   SFR20          

        CLASS   SFR21          

        CLASS   SFR22          

        CLASS   SFR23          

        CLASS   SFR24          

        CLASS   SFR25          

        CLASS   SFR26          

        CLASS   SFR27          

        CLASS   SFR28          

        CLASS   SFR29          

        CLASS   SFR30          

        CLASS   SFR31          

        CLASS   CONFIG         
                config                             8007     8007        2         0

        CLASS   IDLOC          

        CLASS   BANK31         

        CLASS   BANK30         

        CLASS   BANK29         

        CLASS   BANK28         

        CLASS   BANK27         

        CLASS   BANK26         

        CLASS   BANK25         

        CLASS   BANK24         

        CLASS   BANK23         

        CLASS   BANK22         

        CLASS   BANK21         

        CLASS   BANK20         

        CLASS   BANK19         

        CLASS   BANK18         

        CLASS   BANK17         

        CLASS   BANK16         

        CLASS   BANK15         

        CLASS   BANK14         

        CLASS   BANK13         

        CLASS   EEDATA         



SEGMENTS        Name                           Load    Length   Top    Selector   Space  Class     Delta

                reset_vec                      000000  000002  000002         0       0  CODE        2
                intentry                       000004  0007F9  0007FD         8       0  CODE        2
                cstackBANK0                    000038  000038  000070        38       1  BANK0       1
                cstackCOMMON                   000070  00000E  00007E        70       1  COMMON      1
                cstackBANK1                    0000A0  000030  0000D0        A0       1  BANK1       1
                cstackBANK3                    0001CB  000025  0001F0       1CB       1  BANK3       1
                cstackBANK4                    000220  000050  000270       220       1  BANK4       1
                cstackBANK5                    0002A0  000050  0002F0       2A0       1  BANK5       1
                cstackBANK6                    000320  000050  000370       320       1  BANK6       1
                bssBANK7                       0003A0  00002F  0003CF       3A0       1  BANK7       1
                clrtext                        000815  00000C  000821      102A       0  CODE        2
                text39                         000821  000015  000836      1042       0  CODE        2
                text40                         000836  000070  0008A6      106C       0  CODE        2
                text1                          0008A6  00075A  001000      114C       0  CODE        2
                text27                         001036  0003CF  001405      206C       0  CODE        2
                text13                         001405  0003FB  001800      280A       0  CODE        2
                stringtext                     001800  0001B4  0019B4        30       0  STRCODE     2
                text9                          001A3A  000049  001A83      3474       0  CODE        2
                text30                         001A83  00011B  001B9E      3506       0  CODE        2
                text3                          001B9E  00016B  001D09      373C       0  CODE        2
                text26                         001D09  000170  001E79      3A12       0  CODE        2
                text11                         001E79  000187  002000      3CF2       0  CODE        2
                config                         008007  000002  008009     1000E       0  CONFIG      2


UNUSED ADDRESS RANGES

        Name                Unused          Largest block    Delta
        BANK10           00520-0056F              50           1
        BANK11           005A0-005BF              20           1
        BANK7            003CF-003EF              21           1
        BANK8            00420-0046F              50           1
        BANK9            004A0-004EF              50           1
        BIGRAM           02000-023EF             3F0           1
        CODE             00002-00003               2           2
                         007FD-00814               3
                         01000-01035              36
                         019B4-01A39              86
        CONST            00002-00003               2           2
                         007FD-00814               3
                         01000-01035              36
                         019B4-01A39              4C
        ENTRY            00002-00003               2           2
                         007FD-00814               3
                         01000-01035              36
                         019B4-01A39              4C
        IDLOC            08000-08003               4           2
        RAM              003CF-003EF              21           1
                         00420-0046F              50
                         004A0-004EF              50
                         00520-0056F              50
                         005A0-005BF              20
        SFR0             00000-0001F              20           1
        SFR1             00080-0009F              20           1
        SFR10            00500-0051F              20           1
        SFR11            00580-0059F              20           1
        SFR12            00600-0061F              20           1
        SFR13            00680-006EF              70           1
        SFR14            00700-0076F              70           1
        SFR15            00780-007EF              70           1
        SFR16            00800-0086F              70           1
        SFR17            00880-008EF              70           1
        SFR18            00900-0096F              70           1
        SFR19            00980-009EF              70           1
        SFR2             00100-0011F              20           1
        SFR20            00A00-00A6F              70           1
        SFR21            00A80-00AEF              70           1
        SFR22            00B00-00B6F              70           1
        SFR23            00B80-00BEF              70           1
        SFR24            00C00-00C6F              70           1
        SFR25            00C80-00CEF              70           1
        SFR26            00D00-00D6F              70           1
        SFR27            00D80-00DEF              70           1
        SFR28            00E00-00E6F              70           1
        SFR29            00E80-00EEF              70           1
        SFR3             00180-0019F              20           1
        SFR30            00F00-00F6F              70           1
        SFR31            00F80-00FEF              70           1
        SFR4             00200-0021F              20           1
        SFR5             00280-0029F              20           1
        SFR6             00300-0031F              20           1
        SFR7             00380-0039F              20           1
        SFR8             00400-0041F              20           1
        SFR9             00480-0049F              20           1
        STACK            0225F-0231F              C1           1
        STRCODE          00002-00003               2           2
                         007FD-00814              18
                         01000-01035              36
                         019B4-01A39              86
        STRING           00002-00003               2           2
                         007FD-00814               3
                         01000-01035              36
                         019B4-01A39              4C

                                  Symbol Table

?___wmul                                         cstackBANK1  000A0
?_bdm_clk_bit                                    cstackBANK1  000A0
?_bdm_clk_serial                                 cstackBANK1  000A8
?_bdm_get_data                                   cstackBANK3  001D5
?_bdm_get_gpr                                    cstackBANK1  000C4
?_bdm_get_spr                                    cstackBANK3  001D5
?_bdm_nop                                        cstackBANK1  000C4
?_bdm_resume                                     cstackBANK3  001E5
?_gdb_extract_bytes                              cstackBANK1  000A0
?_pic16_linear_addr                              cstackBANK1  000A6
?_usb_application_get_string                     cstackCOMMON 00070
?_usb_get_in_buffer                              cstackBANK1  000A3
?i1___wmul                                       cstackCOMMON 00070
?i1_pic16_linear_addr                            cstackCOMMON 00076
PL351                                            text27       01367
PL353                                            text27       01381
PL355                                            text11       01FED
PL357                                            text27       01395
PL359                                            text27       013A5
PL361                                            text10       007EE
PL363                                            text40       00898
PL365                                            text3        01CE2
PL367                                            text9        01A76
PL369                                            text13       017C1
PL371                                            text13       017CE
PL373                                            text1        00FF5
PL375                                            text27       013B4
PL377                                            text1        00F9B
PL379                                            text27       013C0
PL381                                            text27       013CC
PL383                                            text1        00FA1
PL385                                            text3        01CE8
PL387                                            text26       01E67
PL389                                            text27       013D7
PL391                                            text27       013DE
PL393                                            text27       013E5
PL395                                            text3        01CF0
PL397                                            text27       013EC
PL399                                            text3        01CF6
PL401                                            text3        01CFC
PL403                                            text1        00FA9
PL405                                            text26       01E71
PL407                                            text13       017DA
PL409                                            text27       013F5
PL411                                            text3        01D04
PL413                                            text27       013FB
PL415                                            text13       017E1
PL417                                            text27       01400
PL419                                            text1        00FFB
PL421                                            text1        00FB1
_ACTCONbits                                      (abs)        0039B
_ConfigureOscillator                             text13       017B7
_INTCONbits                                      (abs)        0000B
_IRCF0                                           (abs)        004CA
_IRCF1                                           (abs)        004CB
_IRCF2                                           (abs)        004CC
_IRCF3                                           (abs)        004CD
_InitApp                                         text13       017E6
_LATBbits                                        (abs)        0010D
_LATCbits                                        (abs)        0010E
_OSCCONbits                                      (abs)        00099
_PIE2bits                                        (abs)        00092
_PIR2bits                                        (abs)        00012
_PORTAbits                                       (abs)        0000C
_SCS0                                            (abs)        004C8
_SCS1                                            (abs)        004C9
_SPLLEN                                          (abs)        004CF
_SPLLMULT                                        (abs)        004CE
_TRISA                                           (abs)        0008C
_TRISBbits                                       (abs)        0008D
_TRISC                                           (abs)        0008E
_UADDR                                           (abs)        00E96
_UCFGbits                                        (abs)        00E91
_UCONbits                                        (abs)        00E8E
_UEIE                                            (abs)        00E97
_UEP0                                            (abs)        00E98
_UIE                                             (abs)        00E92
_UIEbits                                         (abs)        00E92
_UIR                                             (abs)        00E90
_UIRbits                                         (abs)        00E90
_USTATbits                                       (abs)        00E8F
__CFG_BOREN$ON                                   (abs)        00000
__CFG_BORV$HI                                    (abs)        00000
__CFG_CLKOUTEN$OFF                               (abs)        00000
__CFG_CP$OFF                                     (abs)        00000
__CFG_CPUDIV$NOCLKDIV                            (abs)        00000
__CFG_FCMEN$OFF                                  (abs)        00000
__CFG_FOSC$INTOSC                                (abs)        00000
__CFG_IESO$OFF                                   (abs)        00000
__CFG_LPBOR$OFF                                  (abs)        00000
__CFG_LVP$OFF                                    (abs)        00000
__CFG_MCLRE$ON                                   (abs)        00000
__CFG_PLLEN$ENABLED                              (abs)        00000
__CFG_PLLMULT$3x                                 (abs)        00000
__CFG_PWRTE$OFF                                  (abs)        00000
__CFG_STVREN$ON                                  (abs)        00000
__CFG_USBLSCLK$48MHz                             (abs)        00000
__CFG_WDTE$OFF                                   (abs)        00000
__CFG_WRT$OFF                                    (abs)        00000
__Habs1                                          abs1         00000
__Hbank0                                         bank0        00000
__Hbank1                                         bank1        00000
__Hbank10                                        bank10       00000
__Hbank11                                        bank11       00000
__Hbank12                                        bank12       00000
__Hbank13                                        bank13       00000
__Hbank14                                        bank14       00000
__Hbank15                                        bank15       00000
__Hbank16                                        bank16       00000
__Hbank17                                        bank17       00000
__Hbank18                                        bank18       00000
__Hbank19                                        bank19       00000
__Hbank2                                         bank2        00000
__Hbank20                                        bank20       00000
__Hbank21                                        bank21       00000
__Hbank22                                        bank22       00000
__Hbank23                                        bank23       00000
__Hbank24                                        bank24       00000
__Hbank25                                        bank25       00000
__Hbank26                                        bank26       00000
__Hbank27                                        bank27       00000
__Hbank28                                        bank28       00000
__Hbank29                                        bank29       00000
__Hbank3                                         bank3        00000
__Hbank30                                        bank30       00000
__Hbank31                                        bank31       00000
__Hbank4                                         bank4        00000
__Hbank5                                         bank5        00000
__Hbank6                                         bank6        00000
__Hbank7                                         bank7        00000
__Hbank8                                         bank8        00000
__Hbank9                                         bank9        00000
__Hbigram                                        bigram       00000
__HbssBANK0                                      bssBANK0     00000
__HbssBANK5                                      bssBANK5     00000
__HbssBANK6                                      bssBANK6     00000
__HbssBANK7                                      bssBANK7     00000
__Hcinit                                         cinit        00000
__Hclrtext                                       clrtext      00000
__Hcode                                          code         00000
__Hcommon                                        common       00000
__Hconfig                                        config       08009
__HcstackBANK0                                   cstackBANK0  00000
__HcstackBANK1                                   cstackBANK1  00000
__HcstackBANK3                                   cstackBANK3  00000
__HcstackBANK4                                   cstackBANK4  00000
__HcstackBANK5                                   cstackBANK5  00000
__HcstackBANK6                                   cstackBANK6  00000
__HcstackCOMMON                                  cstackCOMMON 00000
__HdataBANK5                                     dataBANK5    00000
__HdataBANK6                                     dataBANK6    00000
__HdataBANK7                                     dataBANK7    00000
__Heeprom_data                                   eeprom_data  00000
__Hend_init                                      end_init     0000C
__Hfunctab                                       functab      00000
__HidataBANK5                                    idataBANK5   00000
__HidataBANK6                                    idataBANK6   00000
__HidataBANK7                                    idataBANK7   00000
__Hidloc                                         idloc        00000
__Hinit                                          init         0000A
__Hintentry                                      intentry     0000A
__Hmaintext                                      maintext     00000
__Hpa_nodes                                      pa_nodes     00000
__Hpowerup                                       powerup      00000
__Hram                                           ram          00000
__Hreset_vec                                     reset_vec    00002
__Hsfr0                                          sfr0         00000
__Hsfr1                                          sfr1         00000
__Hsfr10                                         sfr10        00000
__Hsfr11                                         sfr11        00000
__Hsfr12                                         sfr12        00000
__Hsfr13                                         sfr13        00000
__Hsfr14                                         sfr14        00000
__Hsfr15                                         sfr15        00000
__Hsfr16                                         sfr16        00000
__Hsfr17                                         sfr17        00000
__Hsfr18                                         sfr18        00000
__Hsfr19                                         sfr19        00000
__Hsfr2                                          sfr2         00000
__Hsfr20                                         sfr20        00000
__Hsfr21                                         sfr21        00000
__Hsfr22                                         sfr22        00000
__Hsfr23                                         sfr23        00000
__Hsfr24                                         sfr24        00000
__Hsfr25                                         sfr25        00000
__Hsfr26                                         sfr26        00000
__Hsfr27                                         sfr27        00000
__Hsfr28                                         sfr28        00000
__Hsfr29                                         sfr29        00000
__Hsfr3                                          sfr3         00000
__Hsfr30                                         sfr30        00000
__Hsfr31                                         sfr31        00000
__Hsfr4                                          sfr4         00000
__Hsfr5                                          sfr5         00000
__Hsfr6                                          sfr6         00000
__Hsfr7                                          sfr7         00000
__Hsfr8                                          sfr8         00000
__Hsfr9                                          sfr9         00000
__Hspace_0                                       (abs)        08009
__Hspace_1                                       (abs)        003CF
__Hspace_2                                       (abs)        00000
__Hspace_3                                       (abs)        00000
__Hstack                                         stack        00000
__Hstrings                                       strings      00000
__Hstringtext                                    stringtext   00000
__Htext                                          text         00000
__Labs1                                          abs1         00000
__Lbank0                                         bank0        00000
__Lbank1                                         bank1        00000
__Lbank10                                        bank10       00000
__Lbank11                                        bank11       00000
__Lbank12                                        bank12       00000
__Lbank13                                        bank13       00000
__Lbank14                                        bank14       00000
__Lbank15                                        bank15       00000
__Lbank16                                        bank16       00000
__Lbank17                                        bank17       00000
__Lbank18                                        bank18       00000
__Lbank19                                        bank19       00000
__Lbank2                                         bank2        00000
__Lbank20                                        bank20       00000
__Lbank21                                        bank21       00000
__Lbank22                                        bank22       00000
__Lbank23                                        bank23       00000
__Lbank24                                        bank24       00000
__Lbank25                                        bank25       00000
__Lbank26                                        bank26       00000
__Lbank27                                        bank27       00000
__Lbank28                                        bank28       00000
__Lbank29                                        bank29       00000
__Lbank3                                         bank3        00000
__Lbank30                                        bank30       00000
__Lbank31                                        bank31       00000
__Lbank4                                         bank4        00000
__Lbank5                                         bank5        00000
__Lbank6                                         bank6        00000
__Lbank7                                         bank7        00000
__Lbank8                                         bank8        00000
__Lbank9                                         bank9        00000
__Lbigram                                        bigram       00000
__LbssBANK0                                      bssBANK0     00000
__LbssBANK5                                      bssBANK5     00000
__LbssBANK6                                      bssBANK6     00000
__LbssBANK7                                      bssBANK7     00000
__Lcinit                                         cinit        00000
__Lclrtext                                       clrtext      00000
__Lcode                                          code         00000
__Lcommon                                        common       00000
__Lconfig                                        config       08007
__LcstackBANK0                                   cstackBANK0  00000
__LcstackBANK1                                   cstackBANK1  00000
__LcstackBANK3                                   cstackBANK3  00000
__LcstackBANK4                                   cstackBANK4  00000
__LcstackBANK5                                   cstackBANK5  00000
__LcstackBANK6                                   cstackBANK6  00000
__LcstackCOMMON                                  cstackCOMMON 00000
__LdataBANK5                                     dataBANK5    00000
__LdataBANK6                                     dataBANK6    00000
__LdataBANK7                                     dataBANK7    00000
__Leeprom_data                                   eeprom_data  00000
__Lend_init                                      end_init     0000A
__Lfunctab                                       functab      00000
__LidataBANK5                                    idataBANK5   00000
__LidataBANK6                                    idataBANK6   00000
__LidataBANK7                                    idataBANK7   00000
__Lidloc                                         idloc        00000
__Linit                                          init         0000A
__Lintentry                                      intentry     00004
__Lmaintext                                      maintext     00000
__Lpa_nodes                                      pa_nodes     00000
__Lpowerup                                       powerup      00000
__Lram                                           ram          00000
__Lreset_vec                                     reset_vec    00000
__Lsfr0                                          sfr0         00000
__Lsfr1                                          sfr1         00000
__Lsfr10                                         sfr10        00000
__Lsfr11                                         sfr11        00000
__Lsfr12                                         sfr12        00000
__Lsfr13                                         sfr13        00000
__Lsfr14                                         sfr14        00000
__Lsfr15                                         sfr15        00000
__Lsfr16                                         sfr16        00000
__Lsfr17                                         sfr17        00000
__Lsfr18                                         sfr18        00000
__Lsfr19                                         sfr19        00000
__Lsfr2                                          sfr2         00000
__Lsfr20                                         sfr20        00000
__Lsfr21                                         sfr21        00000
__Lsfr22                                         sfr22        00000
__Lsfr23                                         sfr23        00000
__Lsfr24                                         sfr24        00000
__Lsfr25                                         sfr25        00000
__Lsfr26                                         sfr26        00000
__Lsfr27                                         sfr27        00000
__Lsfr28                                         sfr28        00000
__Lsfr29                                         sfr29        00000
__Lsfr3                                          sfr3         00000
__Lsfr30                                         sfr30        00000
__Lsfr31                                         sfr31        00000
__Lsfr4                                          sfr4         00000
__Lsfr5                                          sfr5         00000
__Lsfr6                                          sfr6         00000
__Lsfr7                                          sfr7         00000
__Lsfr8                                          sfr8         00000
__Lsfr9                                          sfr9         00000
__Lspace_0                                       (abs)        00000
__Lspace_1                                       (abs)        00000
__Lspace_2                                       (abs)        00000
__Lspace_3                                       (abs)        00000
__Lstack                                         stack        00000
__Lstrings                                       strings      00000
__Lstringtext                                    stringtext   00000
__Ltext                                          text         00000
__S0                                             (abs)        08009
__S1                                             (abs)        003CF
__S2                                             (abs)        00000
___bmul                                          text10       00783
___bmul@multiplicand                             cstackBANK1  000A0
___bmul@multiplier                               cstackBANK1  000A2
___bmul@product                                  cstackBANK1  000A1
___int_sp                                        stack        00000
___latbits                                       (abs)        00002
___sp                                            stack        00000
___wmul                                          text3        01CC3
___wmul@multiplicand                             cstackBANK1  000A2
___wmul@multiplier                               cstackBANK1  000A0
___wmul@product                                  cstackBANK1  000A4
__end_ofPL351                                    text27       01381
__end_ofPL353                                    text27       01395
__end_ofPL355                                    text11       02000
__end_ofPL357                                    text27       013A5
__end_ofPL359                                    text27       013B4
__end_ofPL361                                    text10       007FD
__end_ofPL363                                    text40       008A6
__end_ofPL365                                    text3        01CE8
__end_ofPL367                                    text9        01A83
__end_ofPL369                                    text13       017CE
__end_ofPL371                                    text13       017DA
__end_ofPL373                                    text1        00FFB
__end_ofPL375                                    text27       013C0
__end_ofPL377                                    text1        00FA1
__end_ofPL379                                    text27       013CC
__end_ofPL381                                    text27       013D7
__end_ofPL383                                    text1        00FA9
__end_ofPL385                                    text3        01CF0
__end_ofPL387                                    text26       01E71
__end_ofPL389                                    text27       013DE
__end_ofPL391                                    text27       013E5
__end_ofPL393                                    text27       013EC
__end_ofPL395                                    text3        01CF6
__end_ofPL397                                    text27       013F5
__end_ofPL399                                    text3        01CFC
__end_ofPL401                                    text3        01D04
__end_ofPL403                                    text1        00FB1
__end_ofPL405                                    text26       01E79
__end_ofPL407                                    text13       017E1
__end_ofPL409                                    text27       013FB
__end_ofPL411                                    text3        01D09
__end_ofPL413                                    text27       01400
__end_ofPL415                                    text13       017E6
__end_ofPL417                                    text27       01405
__end_ofPL419                                    text1        01000
__end_ofPL421                                    text1        00FB6
__end_of_ConfigureOscillator                     text13       017C1
__end_of_InitApp                                 text13       017F2
__end_of___bmul                                  text10       00790
__end_of___wmul                                  text3        01CD8
__end_of__initialization                         text13       014B6
__end_of__stringdata                             stringtext   019B4
__end_of_bdm_clk_bit                             text27       012EB
__end_of_bdm_clk_serial                          text27       012CE
__end_of_bdm_continue                            text30       01B5D
__end_of_bdm_continue_single_step                text30       01AED
__end_of_bdm_get_data                            text26       01DC4
__end_of_bdm_get_gpr                             text27       01367
__end_of_bdm_get_spr                             text27       011D6
__end_of_bdm_init                                text10       007EE
__end_of_bdm_interrupt                           text40       00870
__end_of_bdm_nop                                 text40       00898
__end_of_bdm_reset                               text27       01072
__end_of_bdm_restore_regs                        text26       01E67
__end_of_bdm_resume                              text30       01B9E
__end_of_bdm_save_regs                           text26       01E3D
__end_of_bdm_set_data                            text26       01D5D
__end_of_bdm_set_gpr                             text26       01E0F
__end_of_bdm_set_spr                             text10       00783
__end_of_bdm_update_breakpoints                  text27       0113F
__end_of_bdm_wait_ready                          text27       012F2
__end_of_cdc_data_string                         stringtext   01914
__end_of_cdc_interface_string                    stringtext   01930
__end_of_clear_ep0_stall                         text1        00EDF
__end_of_configuration_1                         stringtext   018BE
__end_of_fake_serial_num                         stringtext   01878
__end_of_gdb_ahex2bin                            text39       00836
__end_of_gdb_extract_bytes                       text10       007CD
__end_of_gdb_hexstr                              text11       01F97
__end_of_gdb_process_command                     text10       00701
__end_of_gdb_send                                text13       01787
__end_of_gdb_send_data                           text13       01458
__end_of_gdb_send_end                            text11       01F12
__end_of_gdb_send_start                          text11       01EBB
__end_of_handle_ep0_in                           text68       00000
__end_of_handle_ep0_out                          text65       00000
__end_of_handle_ep0_setup                        text52       00000
__end_of_handle_standard_control_request         text53       00000
__end_of_init_endpoints                          text3        01C8A
__end_of_isr                                     intentry     0000A
__end_of_led_flash                               text9        01A76
__end_of_main                                    text13       016D1
__end_of_memcpy                                  text13       017AB
__end_of_memset                                  text27       01309
__end_of_pic16_linear_addr                       text3        01CC3
__end_of_product_string                          stringtext   0194A
__end_of_reset_bd0_out                           text1        00F86
__end_of_reset_ep0_data_stage                    text3        01CE2
__end_of_send_zero_length_packet_ep0             text1        00E9C
__end_of_stall_ep0                               text1        00E2E
__end_of_stall_ep_in                             text1        00F4E
__end_of_stall_ep_out                            text1        00F80
__end_of_start_control_return                    text1        00E29
__end_of_str00                                   stringtext   01960
__end_of_this_device_descriptor                  stringtext   0195C
__end_of_usb_application_get_string              text1        00F3B
__end_of_usb_arm_out_endpoint                    text1        00FF5
__end_of_usb_get_configuration                   text13       017AE
__end_of_usb_get_in_buffer                       text11       01FA7
__end_of_usb_get_out_buffer                      text1        008C7
__end_of_usb_halt_ep_in                          text1        00F62
__end_of_usb_halt_ep_out                         text1        00F76
__end_of_usb_in_endpoint_busy                    text13       017B7
__end_of_usb_in_endpoint_halted                  text11       01F20
__end_of_usb_init                                text3        01BF5
__end_of_usb_out_endpoint_halted                 text13       01800
__end_of_usb_out_endpoint_has_data               text1        008AF
__end_of_usb_send_in_buffer                      text11       01FED
__end_of_usb_send_in_buffer_0                    text1        00EB8
__end_of_usb_service                             text1        00DB4
__end_of_vendor_string                           stringtext   018EE
__end_ofi1___bmul                                text1        00DC0
__end_ofi1___wmul                                text1        00F9B
__end_ofi1_init_endpoints                        text1        009A5
__end_ofi1_memcpy                                text1        00E8C
__end_ofi1_memset                                text1        00ECF
__end_ofi1_pic16_linear_addr                     text1        00E68
__end_ofi1_reset_ep0_data_stage                  text1        00E96
__end_ofi1_usb_in_endpoint_halted                text1        00EDB
__end_ofi1_usb_init                              text1        0091C
__initialization                                 text13       01458
__pbssBANK0                                      bssBANK0     00069
__pbssBANK5                                      bssBANK5     002ED
__pbssBANK6                                      bssBANK6     00360
__pbssBANK7                                      bssBANK7     003A0
__pbssBIGRAM                                     (abs)        02390
__pcstackBANK0                                   cstackBANK0  00038
__pcstackBANK1                                   cstackBANK1  000A0
__pcstackBANK3                                   cstackBANK3  001CB
__pcstackBANK4                                   cstackBANK4  00220
__pcstackBANK5                                   cstackBANK5  002A0
__pcstackBANK6                                   cstackBANK6  00320
__pcstackCOMMON                                  cstackCOMMON 00070
__pdataBANK5                                     dataBANK5    002E8
__pdataBANK6                                     dataBANK6    0036E
__pdataBANK7                                     dataBANK7    003BA
__pidataBANK5                                    idataBANK5   00000
__pidataBANK6                                    idataBANK6   00000
__pidataBANK7                                    idataBANK7   00000
__pintentry                                      intentry     00004
__pmaintext                                      text13       014B9
__pstringtext                                    stringtext   01800
__ptext1                                         text1        008A6
__ptext10                                        text10       0000C
__ptext11                                        text11       01E79
__ptext12                                        text11       01EBB
__ptext13                                        text13       01405
__ptext14                                        text13       016D1
__ptext15                                        text11       01FA7
__ptext16                                        text11       01F12
__ptext17                                        text13       017AE
__ptext18                                        text11       01F97
__ptext19                                        text13       017AB
__ptext2                                         text13       017F2
__ptext20                                        text13       01787
__ptext21                                        text11       01F20
__ptext22                                        text10       00790
__ptext23                                        text27       01072
__ptext24                                        text3        01CC3
__ptext25                                        text10       00783
__ptext26                                        text26       01D09
__ptext27                                        text27       01036
__ptext28                                        text10       007CD
__ptext29                                        text26       01D5D
__ptext3                                         text3        01B9E
__ptext30                                        text30       01A83
__ptext31                                        text30       01AED
__ptext32                                        text10       00701
__ptext33                                        text30       01B5D
__ptext34                                        text27       0113F
__ptext35                                        text26       01E0F
__ptext36                                        text27       01309
__ptext37                                        text26       01E3D
__ptext38                                        text26       01DC4
__ptext39                                        text39       00821
__ptext4                                         text3        01CD8
__ptext40                                        text40       00836
__ptext41                                        text40       00870
__ptext42                                        text27       011D6
__ptext43                                        text27       012F2
__ptext44                                        text27       012EB
__ptext45                                        text27       012CE
__ptext46                                        text13       017E6
__ptext47                                        text13       017B7
__ptext49                                        text1        009A5
__ptext5                                         text3        01BF5
__ptext50                                        text1        008C7
__ptext51                                        text1        00F80
__ptext52                                        text52       00000
__ptext53                                        text53       00000
__ptext54                                        text1        0091C
__ptext55                                        text1        00E2E
__ptext56                                        text1        00F86
__ptext57                                        text1        00EB8
__ptext58                                        text1        00F62
__ptext59                                        text1        00F76
__ptext6                                         text3        01C8A
__ptext60                                        text1        00F4E
__ptext61                                        text1        00F3B
__ptext62                                        text1        00EDF
__ptext63                                        text1        00DC0
__ptext64                                        text1        00EDB
__ptext65                                        text65       00000
__ptext66                                        text1        00E29
__ptext67                                        text1        00E96
__ptext68                                        text68       00000
__ptext69                                        text1        00E8C
__ptext7                                         text1        008AF
__ptext70                                        text1        00E68
__ptext71                                        text1        00E9C
__ptext72                                        text1        00ECF
__ptext73                                        text1        00DB4
__ptext8                                         text1        00FB6
__ptext9                                         text9        01A3A
__size_of_ConfigureOscillator                    (abs)        00000
__size_of_InitApp                                (abs)        00000
__size_of___bmul                                 (abs)        00000
__size_of___wmul                                 (abs)        00000
__size_of_bdm_clk_bit                            (abs)        00000
__size_of_bdm_clk_serial                         (abs)        00000
__size_of_bdm_continue                           (abs)        00000
__size_of_bdm_continue_single_step               (abs)        00000
__size_of_bdm_get_data                           (abs)        00000
__size_of_bdm_get_gpr                            (abs)        00000
__size_of_bdm_get_spr                            (abs)        00000
__size_of_bdm_init                               (abs)        00000
__size_of_bdm_interrupt                          (abs)        00000
__size_of_bdm_nop                                (abs)        00000
__size_of_bdm_reset                              (abs)        00000
__size_of_bdm_restore_regs                       (abs)        00000
__size_of_bdm_resume                             (abs)        00000
__size_of_bdm_save_regs                          (abs)        00000
__size_of_bdm_set_data                           (abs)        00000
__size_of_bdm_set_gpr                            (abs)        00000
__size_of_bdm_set_spr                            (abs)        00000
__size_of_bdm_update_breakpoints                 (abs)        00000
__size_of_bdm_wait_ready                         (abs)        00000
__size_of_clear_ep0_stall                        (abs)        00000
__size_of_gdb_ahex2bin                           (abs)        00000
__size_of_gdb_extract_bytes                      (abs)        00000
__size_of_gdb_hexstr                             (abs)        00000
__size_of_gdb_process_command                    (abs)        00000
__size_of_gdb_send                               (abs)        00000
__size_of_gdb_send_data                          (abs)        00000
__size_of_gdb_send_end                           (abs)        00000
__size_of_gdb_send_start                         (abs)        00000
__size_of_handle_ep0_in                          (abs)        00000
__size_of_handle_ep0_out                         (abs)        00000
__size_of_handle_ep0_setup                       (abs)        00000
__size_of_handle_standard_control_request        (abs)        00000
__size_of_init_endpoints                         (abs)        00000
__size_of_isr                                    (abs)        00000
__size_of_led_flash                              (abs)        00000
__size_of_main                                   (abs)        00000
__size_of_memcpy                                 (abs)        00000
__size_of_memset                                 (abs)        00000
__size_of_pic16_linear_addr                      (abs)        00000
__size_of_reset_bd0_out                          (abs)        00000
__size_of_reset_ep0_data_stage                   (abs)        00000
__size_of_send_zero_length_packet_ep0            (abs)        00000
__size_of_stall_ep0                              (abs)        00000
__size_of_stall_ep_in                            (abs)        00000
__size_of_stall_ep_out                           (abs)        00000
__size_of_start_control_return                   (abs)        00000
__size_of_usb_application_get_string             (abs)        00000
__size_of_usb_arm_out_endpoint                   (abs)        00000
__size_of_usb_get_configuration                  (abs)        00000
__size_of_usb_get_in_buffer                      (abs)        00000
__size_of_usb_get_out_buffer                     (abs)        00000
__size_of_usb_halt_ep_in                         (abs)        00000
__size_of_usb_halt_ep_out                        (abs)        00000
__size_of_usb_in_endpoint_busy                   (abs)        00000
__size_of_usb_in_endpoint_halted                 (abs)        00000
__size_of_usb_init                               (abs)        00000
__size_of_usb_out_endpoint_halted                (abs)        00000
__size_of_usb_out_endpoint_has_data              (abs)        00000
__size_of_usb_send_in_buffer                     (abs)        00000
__size_of_usb_send_in_buffer_0                   (abs)        00000
__size_of_usb_service                            (abs)        00000
__size_ofi1___bmul                               (abs)        00000
__size_ofi1___wmul                               (abs)        00000
__size_ofi1_init_endpoints                       (abs)        00000
__size_ofi1_memcpy                               (abs)        00000
__size_ofi1_memset                               (abs)        00000
__size_ofi1_pic16_linear_addr                    (abs)        00000
__size_ofi1_reset_ep0_data_stage                 (abs)        00000
__size_ofi1_usb_in_endpoint_halted               (abs)        00000
__size_ofi1_usb_init                             (abs)        00000
__stringdata                                     stringtext   01960
_addr                                            bssBANK6     0036A
_addr_pending                                    bssBANK6     0036B
_bdm_clk_bit                                     text27       012CE
_bdm_clk_serial                                  text27       011D6
_bdm_continue                                    text30       01AED
_bdm_continue_single_step                        text30       01A83
_bdm_get_data                                    text26       01D5D
_bdm_get_gpr                                     text27       01309
_bdm_get_spr                                     text27       0113F
_bdm_init                                        text10       007CD
_bdm_interrupt                                   text40       00836
_bdm_nop                                         text40       00870
_bdm_reset                                       text27       01036
_bdm_restore_regs                                text26       01E3D
_bdm_resume                                      text30       01B5D
_bdm_save_regs                                   text26       01E0F
_bdm_set_data                                    text26       01D09
_bdm_set_gpr                                     text26       01DC4
_bdm_set_spr                                     text10       00701
_bdm_update_breakpoints                          text27       01072
_bdm_wait_ready                                  text27       012EB
_bds                                             (abs)        00020
_break_points                                    bssBANK7     003A0
_cdc_data_string                                 stringtext   018EE
_cdc_interface_string                            stringtext   01914
_check_freeze                                    bssBANK5     002ED
_clear_ep0_stall                                 text1        00EDB
_configuration_1                                 stringtext   01878
_control_need_zlp                                bssBANK6     0036C
_ep0_buf                                         dataBANK5    002E8
_ep0_data_stage_buf_remaining                    bssBANK0     00069
_ep0_data_stage_callback                         bssBANK0     0006B
_ep0_data_stage_direc                            bssBANK0     0006D
_ep0_data_stage_in_buffer                        bssBANK7     003B8
_ep0_data_stage_out_buffer                       bssBANK0     0006E
_ep_buf                                          dataBANK7    003BA
_ep_buffers                                      (abs)        02080
_fake_serial_num                                 stringtext   01800
_g_configuration                                 bssBANK0     0006F
_gdb_ahex2bin                                    text39       00821
_gdb_buf                                         (abs)        02390
_gdb_buf_idx                                     bssBANK5     002EE
_gdb_extract_bytes                               text10       00790
_gdb_hexstr                                      text11       01F20
_gdb_hexstr$1711                                 cstackBANK4  00230
_gdb_process_command                             text10       0000C
_gdb_send                                        text13       016D1
_gdb_send_data                                   text13       01405
_gdb_send_end                                    text11       01EBB
_gdb_send_start                                  text11       01E79
_handle_ep0_in                                   text68       00000
_handle_ep0_in$680                               cstackCOMMON 0007B
_handle_ep0_out                                  text65       00000
_handle_ep0_out$676                              cstackBANK0  00038
_handle_ep0_setup                                text52       00000
_handle_standard_control_request                 text53       00000
_handle_standard_control_request$643             cstackBANK0  00045
_init_endpoints                                  text3        01BF5
_inlined$_handle_ep0_in                          (abs)        00001
_inlined$_handle_ep0_out                         (abs)        00001
_inlined$_handle_ep0_setup                       (abs)        00001
_inlined$_handle_standard_control_request        (abs)        00001
_isr                                             intentry     00004
_led_flash                                       text9        01A3A
_main                                            text13       014B9
_memcpy                                          text13       01787
_memset                                          text27       012F2
_pic16_linear_addr                               text3        01C8A
_product_string                                  stringtext   01930
_qchksum                                         bssBANK5     002EF
_reset_bd0_out                                   text1        00F80
_reset_ep0_data_stage                            text3        01CD8
_returning_short                                 bssBANK6     0036D
_send_zero_length_packet_ep0                     text1        00E96
_stall_ep0                                       text1        00E29
_stall_ep_in                                     text1        00F3B
_stall_ep_out                                    text1        00F76
_start_control_return                            text1        00DC0
_start_control_return$602                        cstackBANK0  0003E
_start_control_return$603                        cstackBANK0  00040
_str00                                           stringtext   0195C
_this_device_descriptor                          stringtext   0194A
_usb_application_config_descs                    dataBANK6    0036E
_usb_application_get_string                      text1        00EDF
_usb_arm_out_endpoint                            text1        00FB6
_usb_get_configuration                           text13       017AB
_usb_get_in_buffer                               text11       01F97
_usb_get_out_buffer                              text1        008AF
_usb_halt_ep_in                                  text1        00F4E
_usb_halt_ep_out                                 text1        00F62
_usb_in_endpoint_busy                            text13       017AE
_usb_in_endpoint_halted                          text11       01F12
_usb_init                                        text3        01B9E
_usb_out_endpoint_halted                         text13       017F2
_usb_out_endpoint_has_data                       text1        008A6
_usb_send_in_buffer                              text11       01FA7
_usb_send_in_buffer_0                            text1        00E9C
_usb_service                                     text1        009A5
_vendor_string                                   stringtext   018BE
_watch_points                                    bssBANK6     00360
bdm_clk_bit@b                                    cstackBANK1  000A0
bdm_clk_bit@res                                  cstackBANK1  000A4
bdm_clk_serial@in                                cstackBANK1  000A8
bdm_clk_serial@len                               cstackBANK1  000B8
bdm_clk_serial@mask                              cstackBANK1  000BA
bdm_clk_serial@n                                 cstackBANK1  000C2
bdm_clk_serial@out                               cstackBANK1  000AA
bdm_clk_serial@res                               cstackBANK1  000BE
bdm_clk_serial@reslen                            cstackBANK1  000C0
bdm_clk_serial@word                              cstackBANK1  000B0
bdm_clk_serial@x                                 cstackBANK1  000B4
bdm_continue@der                                 cstackBANK4  00238
bdm_continue@srr1                                cstackBANK4  0023C
bdm_continue_single_step@der                     cstackBANK4  00238
bdm_continue_single_step@srr1                    cstackBANK4  0023C
bdm_get_data@addr                                cstackBANK3  001D5
bdm_get_data@in                                  cstackBANK3  001E3
bdm_get_data@out                                 cstackBANK3  001DE
bdm_get_data@size                                cstackBANK3  001D9
bdm_get_data@val                                 cstackBANK3  001DA
bdm_get_gpr@in                                   cstackBANK3  001CB
bdm_get_gpr@out                                  cstackBANK3  001D0
bdm_get_gpr@reg_nr                               cstackBANK1  000C4
bdm_get_spr@in                                   cstackBANK4  00229
bdm_get_spr@out                                  cstackBANK4  00224
bdm_get_spr@reg                                  cstackBANK3  001D5
bdm_get_spr@spr                                  cstackBANK4  00220
bdm_interrupt@c                                  cstackBANK3  001D9
bdm_interrupt@in                                 cstackBANK3  001DB
bdm_interrupt@out                                cstackBANK3  001E0
bdm_interrupt@x                                  cstackBANK3  001D5
bdm_nop@in                                       cstackBANK3  001CB
bdm_nop@out                                      cstackBANK3  001D0
bdm_resume@in                                    cstackBANK4  0022E
bdm_resume@out                                   cstackBANK4  00233
bdm_set_data@addr                                cstackBANK3  001D5
bdm_set_data@in                                  cstackBANK3  001E3
bdm_set_data@out                                 cstackBANK3  001DE
bdm_set_data@size                                cstackBANK3  001DD
bdm_set_data@val                                 cstackBANK3  001D9
bdm_set_gpr@in                                   cstackBANK3  001CB
bdm_set_gpr@out                                  cstackBANK3  001D0
bdm_set_gpr@reg_nr                               cstackBANK1  000C4
bdm_set_gpr@value                                cstackBANK1  000C8
bdm_set_spr@in                                   cstackBANK4  00225
bdm_set_spr@out                                  cstackBANK4  00220
bdm_set_spr@reg                                  cstackBANK3  001D5
bdm_set_spr@value                                cstackBANK3  001D9
bdm_update_breakpoints@i                         cstackBANK4  0023A
bdm_update_breakpoints@reg                       cstackBANK4  00236
bdm_update_breakpoints@reg_l1                    cstackBANK4  0022E
bdm_update_breakpoints@wc                        cstackBANK4  00232
bdm_wait_ready@timeout                           cstackBANK1  000A0
btemp                                            (abs)        0007E
clear_ram0                                       clrtext      00815
end_of_initialization                            text13       014B6
gdb_ahex2bin@LSB                                 cstackBANK1  000A0
gdb_ahex2bin@MSB                                 cstackBANK1  000A2
gdb_extract_bytes@e                              cstackBANK1  000A0
gdb_extract_bytes@i                              cstackBANK1  000AE
gdb_extract_bytes@j                              cstackBANK1  000AD
gdb_extract_bytes@k                              cstackBANK1  000AF
gdb_extract_bytes@msg                            cstackBANK1  000A1
gdb_extract_bytes@s                              cstackBANK1  000A8
gdb_extract_bytes@x                              cstackBANK1  000A9
gdb_hexstr@a                                     cstackBANK4  00233
gdb_hexstr@buf                                   cstackBANK3  001E8
gdb_hexstr@i                                     cstackBANK4  00234
gdb_hexstr@j                                     cstackBANK4  00232
gdb_hexstr@len                                   cstackBANK3  001EE
gdb_hexstr@m                                     cstackBANK4  0022C
gdb_hexstr@offset                                cstackBANK3  001EF
gdb_hexstr@val                                   cstackBANK3  001EA
gdb_process_command@i                            cstackBANK4  00259
gdb_process_command@j                            cstackBANK4  00253
gdb_process_command@k                            cstackBANK4  00252
gdb_process_command@msg                          cstackBANK4  00258
gdb_process_command@msg_len                      cstackBANK4  00242
gdb_process_command@msg_out                      cstackBANK5  002A0
gdb_process_command@reg_num                      cstackBANK4  0024D
gdb_process_command@reg_val                      cstackBANK4  0024E
gdb_process_command@s                            cstackBANK4  0024C
gdb_process_command@u                            cstackBANK4  00247
gdb_process_command@x                            cstackBANK4  00254
gdb_process_command@y                            cstackBANK4  00248
gdb_send@checksum                                cstackBANK4  0023D
gdb_send@k                                       cstackBANK4  00241
gdb_send@qbuf                                    cstackBANK4  0023F
gdb_send@reply                                   cstackBANK4  00235
gdb_send@reply_type                              cstackBANK4  0023E
gdb_send_data@chksum                             cstackBANK1  000AB
gdb_send_data@k                                  cstackBANK1  000B0
gdb_send_data@qbuf                               cstackBANK1  000AD
gdb_send_data@reply                              cstackBANK1  000AF
gdb_send_end@chksum                              cstackBANK4  00237
gdb_send_end@qbuf                                cstackBANK4  00235
gdb_send_start@chksum                            cstackBANK1  000A9
gdb_send_start@qbuf                              cstackBANK1  000AD
gdb_send_start@reply_type                        cstackBANK1  000AC
handle_ep0_in@bytes_to_send                      cstackCOMMON 0007D
handle_ep0_out@bytes_to_copy                     cstackBANK0  0003B
handle_ep0_out@pkt_len                           cstackBANK0  0003A
handle_ep0_setup@res                             cstackBANK0  0005D
handle_ep0_setup@setup                           cstackBANK0  0005E
handle_standard_control_request@desc             cstackBANK0  0004F
handle_standard_control_request@desc_632         cstackBANK0  00058
handle_standard_control_request@descriptor       cstackBANK0  00056
handle_standard_control_request@descriptor_index cstackBANK0  00057
handle_standard_control_request@ep_dir           cstackBANK0  00055
handle_standard_control_request@ep_num           cstackBANK0  00054
handle_standard_control_request@ep_num_646       cstackBANK0  0005A
handle_standard_control_request@flags            cstackBANK0  00053
handle_standard_control_request@len              cstackBANK0  00051
handle_standard_control_request@req              cstackBANK0  00047
handle_standard_control_request@res              cstackBANK0  0004C
handle_standard_control_request@ret              cstackBANK0  0004A
handle_standard_control_request@ret_642          cstackBANK0  00048
handle_standard_control_request@ret_644          cstackBANK0  0004E
handle_standard_control_request@setup            cstackBANK0  0005B
handle_standard_control_request@stall            cstackBANK0  0004D
i1___bmul                                        text1        00DB4
i1___bmul@multiplicand                           cstackCOMMON 00070
i1___bmul@multiplier                             cstackCOMMON 00071
i1___bmul@product                                cstackCOMMON 00072
i1___wmul                                        text1        00F86
i1___wmul@multiplicand                           cstackCOMMON 00072
i1___wmul@multiplier                             cstackCOMMON 00070
i1___wmul@product                                cstackCOMMON 00074
i1_init_endpoints                                text1        0091C
i1_memcpy                                        text1        00E68
i1_memset                                        text1        00EB8
i1_pic16_linear_addr                             text1        00E2E
i1_reset_ep0_data_stage                          text1        00E8C
i1_usb_in_endpoint_halted                        text1        00ECF
i1_usb_init                                      text1        008C7
i1init_endpoints@i                               cstackBANK0  0003C
i1memcpy@d                                       cstackCOMMON 00077
i1memcpy@d1                                      cstackCOMMON 00070
i1memcpy@n                                       cstackCOMMON 00074
i1memcpy@s                                       cstackCOMMON 00079
i1memcpy@s1                                      cstackCOMMON 00072
i1memset@c                                       cstackCOMMON 00072
i1memset@n                                       cstackCOMMON 00074
i1memset@p                                       cstackCOMMON 00076
i1memset@p1                                      cstackCOMMON 00070
i1pic16_linear_addr@addr                         cstackBANK0  0003A
i1pic16_linear_addr@high                         cstackBANK0  00038
i1pic16_linear_addr@low                          cstackBANK0  00039
i1pic16_linear_addr@ptr                          cstackCOMMON 00076
i1usb_in_endpoint_halted@endpoint                cstackCOMMON 00073
i1usb_init@ep                                    cstackBANK0  00040
i1usb_init@i                                     cstackBANK0  0003F
init_endpoints@i                                 cstackBANK1  000B2
intlevel0                                        functab      00000
intlevel1                                        functab      00000
intlevel2                                        functab      00000
intlevel3                                        functab      00000
intlevel4                                        functab      00000
intlevel5                                        functab      00000
led_flash@c                                      cstackBANK1  000A0
led_flash@i                                      cstackBANK1  000A6
led_flash@j                                      cstackBANK1  000A4
ltemp                                            (abs)        0007E
ltemp0                                           (abs)        0007E
ltemp1                                           (abs)        00082
ltemp2                                           (abs)        00086
ltemp3                                           (abs)        00080
main@buf_end                                     cstackBANK5  002E5
main@buf_end_found                               cstackBANK5  002E3
main@buf_start                                   cstackBANK5  002E6
main@buf_start_found                             cstackBANK4  0026E
main@c                                           cstackBANK4  00262
main@checksum                                    cstackBANK4  00266
main@e                                           cstackBANK5  002E2
main@i                                           cstackBANK5  002E7
main@k                                           cstackBANK5  002E4
main@msg                                         cstackBANK6  00320
main@msg_checksum                                cstackBANK4  00267
main@msg_len                                     cstackBANK4  0026D
main@out_buf                                     cstackBANK5  002E0
main@out_buf_len                                 cstackBANK4  0026B
main@s                                           cstackBANK4  0026F
memcpy@d                                         cstackBANK1  000A7
memcpy@d1                                        cstackBANK1  000A0
memcpy@n                                         cstackBANK1  000A4
memcpy@s                                         cstackBANK1  000A9
memcpy@s1                                        cstackBANK1  000A2
memset@c                                         cstackBANK1  000A2
memset@n                                         cstackBANK1  000A4
memset@p                                         cstackBANK1  000A6
memset@p1                                        cstackBANK1  000A0
mpc_bdm@save_regs                                bssBANK7     003B0
pic14e$flags                                     (abs)        0007E
pic16_linear_addr@addr                           cstackBANK1  000B0
pic16_linear_addr@high                           cstackBANK1  000AE
pic16_linear_addr@low                            cstackBANK1  000AF
pic16_linear_addr@ptr                            cstackBANK1  000A6
reset_vec                                        reset_vec    00000
stackhi                                          (abs)        0231F
stacklo                                          (abs)        0225F
[...]
 Tracked objects:
		On entry : 
		On exit  : 
		Unchanged: 
 Data sizes:     COMMON   BANK0   BANK1   BANK2   BANK3   BANK4   BANK5   BANK6   BANK7   BANK8   BANK9  BANK10  BANK11  BANK12
      Params:         0       0       0       0       0       0       0       0       0       0       0       0       0       0
      Locals:         0       4       0       0       0       0       0       0       0       0       0       0       0       0
      Temps:          2       0       0       0       0       0       0       0       0       0       0       0       0       0
      Totals:         2       4       0       0       0       0       0       0       0       0       0       0       0       0
Total ram usage:        6 bytes
 Hardware stack levels used:    1
 Hardware stack levels required when called:    1
 This function calls:
		_send_zero_length_packet_ep0
		_stall_ep0
		i1_memcpy
		i1_reset_ep0_data_stage
 This function is called by:
		_usb_service
 This function uses a non-reentrant model


 *************** function _stall_ep0 *****************
 Defined at:
		line 704 in file "usb/src/usb.c"
 Parameters:    Size  Location     Type
		None
 Auto vars:     Size  Location     Type
		None
 Return value:  Size  Location     Type
		None               void
 Registers used:
		wreg
 Tracked objects:
		On entry : 
		On exit  : 
		Unchanged: 
 Data sizes:     COMMON   BANK0   BANK1   BANK2   BANK3   BANK4   BANK5   BANK6   BANK7   BANK8   BANK9  BANK10  BANK11  BANK12
      Params:         0       0       0       0       0       0       0       0       0       0       0       0       0       0
      Locals:         0       0       0       0       0       0       0       0       0       0       0       0       0       0
      Temps:          0       0       0       0       0       0       0       0       0       0       0       0       0       0
      Totals:         0       0       0       0       0       0       0       0       0       0       0       0       0       0
Total ram usage:        0 bytes
 Hardware stack levels used:    1
 This function calls:
		Nothing
 This function is called by:
		_handle_standard_control_request
		_handle_ep0_setup
		_handle_ep0_out
		_usb_service
 This function uses a non-reentrant model


 *************** function _send_zero_length_packet_ep0 *****************
 Defined at:
		line 753 in file "usb/src/usb.c"
 Parameters:    Size  Location     Type
		None
 Auto vars:     Size  Location     Type
		None
 Return value:  Size  Location     Type
		None               void
 Registers used:
		wreg, status,2
 Tracked objects:
		On entry : 
		On exit  : 
		Unchanged: 
 Data sizes:     COMMON   BANK0   BANK1   BANK2   BANK3   BANK4   BANK5   BANK6   BANK7   BANK8   BANK9  BANK10  BANK11  BANK12
      Params:         0       0       0       0       0       0       0       0       0       0       0       0       0       0
      Locals:         0       0       0       0       0       0       0       0       0       0       0       0       0       0
      Temps:          0       0       0       0       0       0       0       0       0       0       0       0       0       0
      Totals:         0       0       0       0       0       0       0       0       0       0       0       0       0       0
Total ram usage:        0 bytes
 Hardware stack levels used:    1
 This function calls:
		Nothing
 This function is called by:
		_handle_standard_control_request
		_handle_ep0_out
 This function uses a non-reentrant model


 *************** function _handle_ep0_in *****************
 Defined at:
		line 1324 in file "usb/src/usb.c"
 Parameters:    Size  Location     Type
		None
 Auto vars:     Size  Location     Type
  bytes_to_sen    1   13[COMMON] unsigned char 
 Return value:  Size  Location     Type
		None               void
 Registers used:
		wreg, fsr0l, fsr0h, fsr1l, fsr1h, status,2, status,0, pclath, cstack
 Tracked objects:
		On entry : 
		On exit  : 
		Unchanged: 
 Data sizes:     COMMON   BANK0   BANK1   BANK2   BANK3   BANK4   BANK5   BANK6   BANK7   BANK8   BANK9  BANK10  BANK11  BANK12
      Params:         0       0       0       0       0       0       0       0       0       0       0       0       0       0
      Locals:         3       0       0       0       0       0       0       0       0       0       0       0       0       0
      Temps:          0       0       0       0       0       0       0       0       0       0       0       0       0       0
      Totals:         3       0       0       0       0       0       0       0       0       0       0       0       0       0
Total ram usage:        3 bytes
 Hardware stack levels used:    1
 Hardware stack levels required when called:    3
 This function calls:
		_usb_send_in_buffer_0
		i1_memcpy
		i1_reset_ep0_data_stage
 This function is called by:
		_usb_service
 This function uses a non-reentrant model


 *************** function i1_reset_ep0_data_stage *****************
 Defined at:
		line 474 in file "usb/src/usb.c"
 Parameters:    Size  Location     Type
		None
 Auto vars:     Size  Location     Type
		None
 Return value:  Size  Location     Type
		None               void
 Registers used:
		status,2
 Tracked objects:
		On entry : 
		On exit  : 
		Unchanged: 
 Data sizes:     COMMON   BANK0   BANK1   BANK2   BANK3   BANK4   BANK5   BANK6   BANK7   BANK8   BANK9  BANK10  BANK11  BANK12
      Params:         0       0       0       0       0       0       0       0       0       0       0       0       0       0
      Locals:         0       0       0       0       0       0       0       0       0       0       0       0       0       0
      Temps:          0       0       0       0       0       0       0       0       0       0       0       0       0       0
      Totals:         0       0       0       0       0       0       0       0       0       0       0       0       0       0
Total ram usage:        0 bytes
 Hardware stack levels used:    1
 This function calls:
		Nothing
 This function is called by:
		_handle_ep0_setup
		_handle_ep0_out
		_handle_ep0_in
		i1_usb_init
 This function uses a non-reentrant model


 *************** function i1_memcpy *****************
 Defined at:
		line 11 in file "/Applications/microchip/xc8/v1.33old/sources/common/memcpy.c"
 Parameters:    Size  Location     Type
  d1              2    0[COMMON] PTR void 
		 -> ep_buffers(155), NULL(0), 
  s1              2    2[COMMON] PTR const void 
		 -> STR_10(1), STR_9(3), STR_8(3), STR_7(3), 
		 -> STR_6(3), STR_5(3), STR_4(4), STR_3(73), 
		 -> gdb_process_command@msg_out(64), fake_serial_num(120), cdc_data_string(38), cdc_interface_string(28), 
		 -> product_string(26), vendor_string(48), str00(4), configuration_1(70), 
		 -> STR_2(4), STR_1(4), handle_standard_control_request@ret_644(1), handle_standard_control_request@ret_642(2), 
		 -> handle_standard_control_request@ret(2), this_device_descriptor(18), g_configuration(1), ep_buffers(155), 
		 -> NULL(0), 
  n               2    4[COMMON] unsigned int 
 Auto vars:     Size  Location     Type
  memcpy          2    9[COMMON] PTR const unsigned char 
		 -> STR_10(1), STR_9(3), STR_8(3), STR_7(3), 
		 -> STR_6(3), STR_5(3), STR_4(4), STR_3(73), 
		 -> gdb_process_command@msg_out(64), fake_serial_num(120), cdc_data_string(38), cdc_interface_string(28), 
		 -> product_string(26), vendor_string(48), str00(4), configuration_1(70), 
		 -> STR_2(4), STR_1(4), handle_standard_control_request@ret_644(1), handle_standard_control_request@ret_642(2), 
		 -> handle_standard_control_request@ret(2), this_device_descriptor(18), g_configuration(1), ep_buffers(155), 
		 -> NULL(0), 
  memcpy          2    7[COMMON] PTR unsigned char 
		 -> ep_buffers(155), NULL(0), 
 Return value:  Size  Location     Type
                  2    0[COMMON] PTR void 
 Registers used:
		wreg, fsr0l, fsr0h, fsr1l, fsr1h, status,2, status,0, pclath
 Tracked objects:
		On entry : 
		On exit  : 
		Unchanged: 
 Data sizes:     COMMON   BANK0   BANK1   BANK2   BANK3   BANK4   BANK5   BANK6   BANK7   BANK8   BANK9  BANK10  BANK11  BANK12
      Params:         6       0       0       0       0       0       0       0       0       0       0       0       0       0
      Locals:         4       0       0       0       0       0       0       0       0       0       0       0       0       0
      Temps:          1       0       0       0       0       0       0       0       0       0       0       0       0       0
      Totals:        11       0       0       0       0       0       0       0       0       0       0       0       0       0
Total ram usage:       11 bytes
 Hardware stack levels used:    1
 This function calls:
		Nothing
 This function is called by:
		_start_control_return
		_handle_ep0_out
		_handle_ep0_in
 This function uses a non-reentrant model


 *************** function _usb_send_in_buffer_0 *****************
 Defined at:
		line 766 in file "usb/src/usb.c"
 Parameters:    Size  Location     Type
  len             2    4[COMMON] unsigned int 
 Auto vars:     Size  Location     Type
  pid             1    6[COMMON] unsigned char 
 Return value:  Size  Location     Type
		None               void
 Registers used:
		wreg, fsr1l, fsr1h, status,2, status,0, pclath, cstack
 Tracked objects:
		On entry : 
		On exit  : 
		Unchanged: 
 Data sizes:     COMMON   BANK0   BANK1   BANK2   BANK3   BANK4   BANK5   BANK6   BANK7   BANK8   BANK9  BANK10  BANK11  BANK12
      Params:         2       0       0       0       0       0       0       0       0       0       0       0       0       0
      Locals:         1       0       0       0       0       0       0       0       0       0       0       0       0       0
      Temps:          0       0       0       0       0       0       0       0       0       0       0       0       0       0
      Totals:         3       0       0       0       0       0       0       0       0       0       0       0       0       0
Total ram usage:        3 bytes
 Hardware stack levels used:    1
 Hardware stack levels required when called:    2
 This function calls:
		i1_usb_in_endpoint_halted
 This function is called by:
		_start_control_return
		_handle_ep0_in
 This function uses a non-reentrant model


 *************** function i1_usb_in_endpoint_halted *****************
 Defined at:
		line 1566 in file "usb/src/usb.c"
 Parameters:    Size  Location     Type
  endpoint        1    wreg     unsigned char 
 Auto vars:     Size  Location     Type
  endpoint        1    3[COMMON] unsigned char 
 Return value:  Size  Location     Type
                  1    wreg      unsigned char 
 Registers used:
		wreg, fsr1l, fsr1h, status,2, status,0, pclath, cstack
 Tracked objects:
		On entry : 
		On exit  : 
		Unchanged: 
 Data sizes:     COMMON   BANK0   BANK1   BANK2   BANK3   BANK4   BANK5   BANK6   BANK7   BANK8   BANK9  BANK10  BANK11  BANK12
      Params:         0       0       0       0       0       0       0       0       0       0       0       0       0       0
      Locals:         1       0       0       0       0       0       0       0       0       0       0       0       0       0
      Temps:          0       0       0       0       0       0       0       0       0       0       0       0       0       0
      Totals:         1       0       0       0       0       0       0       0       0       0       0       0       0       0
Total ram usage:        1 bytes
 Hardware stack levels used:    1
 Hardware stack levels required when called:    1
 This function calls:
		i1___bmul
 This function is called by:
		_usb_send_in_buffer_0
 This function uses a non-reentrant model


 *************** function i1___bmul *****************
 Defined at:
		line 4 in file "/Applications/microchip/xc8/v1.33old/sources/common/Umul8.c"
 Parameters:    Size  Location     Type
  multiplier      1    wreg     unsigned char 
  multiplicand    1    0[COMMON] unsigned char 
 Auto vars:     Size  Location     Type
  multiplier      1    1[COMMON] unsigned char 
  __bmul          1    2[COMMON] unsigned char 
 Return value:  Size  Location     Type
                  1    wreg      unsigned char 
 Registers used:
		wreg, status,2, status,0
 Tracked objects:
		On entry : 
		On exit  : 
		Unchanged: 
 Data sizes:     COMMON   BANK0   BANK1   BANK2   BANK3   BANK4   BANK5   BANK6   BANK7   BANK8   BANK9  BANK10  BANK11  BANK12
      Params:         1       0       0       0       0       0       0       0       0       0       0       0       0       0
      Locals:         2       0       0       0       0       0       0       0       0       0       0       0       0       0
      Temps:          0       0       0       0       0       0       0       0       0       0       0       0       0       0
      Totals:         3       0       0       0       0       0       0       0       0       0       0       0       0       0
Total ram usage:        3 bytes
 Hardware stack levels used:    1
 This function calls:
		Nothing
 This function is called by:
		_stall_ep_in
		_handle_standard_control_request
		_usb_service
		_usb_halt_ep_in
		_usb_halt_ep_out
		i1_init_endpoints
		i1_usb_in_endpoint_halted
 This function uses a non-reentrant model



MODULE INFORMATION

Module		Function		Class		Link	Load	Size
usb_descriptors.c
		_usb_applicatio		CODE           	0EDF	0000	92

usb_descriptors.c estimated size: 92

mpc_bdm.c
		_bdm_continue  		CODE           	1AED	0000	112
		_bdm_clk_serial		CODE           	11D6	0000	248
		_bdm_init      		CODE           	07CD	0000	33
		_bdm_nop       		CODE           	0870	0000	40
		_bdm_continue_s		CODE           	1A83	0000	106
		_bdm_get_gpr   		CODE           	1309	0000	94
		_bdm_get_spr   		CODE           	113F	0000	151
		_bdm_get_data  		CODE           	1D5D	0000	103
		_bdm_set_gpr   		CODE           	1DC4	0000	75
		_bdm_set_spr   		CODE           	0701	0000	130
		_bdm_wait_ready		CODE           	12EB	0000	7
		_bdm_set_data  		CODE           	1D09	0000	84
		_bdm_save_regs 		CODE           	1E0F	0000	46
		_bdm_reset     		CODE           	1036	0000	60
		_bdm_resume    		CODE           	1B5D	0000	65
		_bdm_update_bre		CODE           	1072	0000	205
		_bdm_restore_re		CODE           	1E3D	0000	42
		_bdm_clk_bit   		CODE           	12CE	0000	29
		_bdm_interrupt 		CODE           	0836	0000	58

mpc_bdm.c estimated size: 1688

gdb_stub.c
		_gdb_send_data 		CODE           	1405	0000	83
		_gdb_send_start		CODE           	1E79	0000	66
		_gdb_process_co		CODE           	000C	0000	1781
		_gdb_extract_by		CODE           	0790	0000	61
		_gdb_ahex2bin  		CODE           	0821	0000	21
		_gdb_send      		CODE           	16D1	0000	182
		_gdb_hexstr    		CODE           	1F20	0000	119
		_gdb_send_end  		CODE           	1EBB	0000	87

gdb_stub.c estimated size: 2400

interrupts.c
		_isr           		CODE           	0004	0000	6

interrupts.c estimated size: 6

usb/src/usb.c
		_usb_halt_ep_in		CODE           	0F4E	0000	20
		_usb_send_in_bu		CODE           	1FA7	0000	70
		_stall_ep_in   		CODE           	0F3B	0000	19
		_stall_ep_out  		CODE           	0F76	0000	10
		_usb_get_out_bu		CODE           	08AF	0000	24
		_init_endpoints		CODE           	1BF5	0000	149
		_usb_in_endpoin		CODE           	1F12	0000	14
		_usb_service   		CODE           	09A5	0000	1039
		_usb_get_config		CODE           	17AB	0000	3
		_handle_standar		CODE           	0000	0000	0
		_usb_send_in_bu		CODE           	0E9C	0000	28
		_reset_bd0_out 		CODE           	0F80	0000	6
		_usb_init      		CODE           	1B9E	0000	87
		_usb_out_endpoi		CODE           	08A6	0000	9
		_usb_halt_ep_ou		CODE           	0F62	0000	20
		_usb_arm_out_en		CODE           	0FB6	0000	63
		_handle_ep0_in 		CODE           	0000	0000	0
		_usb_in_endpoin		CODE           	17AE	0000	9
		_clear_ep0_stal		CODE           	0EDB	0000	4
		_handle_ep0_set		CODE           	0000	0000	0
		_pic16_linear_a		CODE           	1C8A	0000	57
		_handle_ep0_out		CODE           	0000	0000	0
		_usb_out_endpoi		CODE           	17F2	0000	14
		_start_control_		CODE           	0DC0	0000	105
		_usb_get_in_buf		CODE           	1F97	0000	16
		_reset_ep0_data		CODE           	1CD8	0000	10
		_send_zero_leng		CODE           	0E96	0000	6
		_stall_ep0     		CODE           	0E29	0000	5

usb/src/usb.c estimated size: 1787

/Applications/microchip/xc8/v1.33old/sources/common/Umul8.c
		___bmul        		CODE           	0783	0000	13

/Applications/microchip/xc8/v1.33old/sources/common/Umul8.c estimated size: 13

/Applications/microchip/xc8/v1.33old/sources/common/memcpy.c
		_memcpy        		CODE           	1787	0000	36

/Applications/microchip/xc8/v1.33old/sources/common/memcpy.c estimated size: 36

/Applications/microchip/xc8/v1.33old/sources/common/Umul16.c
		___wmul        		CODE           	1CC3	0000	21

/Applications/microchip/xc8/v1.33old/sources/common/Umul16.c estimated size: 21

shared
		PL387          		CODE           	1E67	0000	10
		PL359          		CODE           	13A5	0000	15
		PL397          		CODE           	13EC	0000	9
		_str00         		STRCODE        	195C	0000	4
		PL369          		CODE           	17C1	0000	13
		__stringdata   		STRCODE        	1960	0000	84
		PL379          		CODE           	13C0	0000	12
		PL401          		CODE           	1CFC	0000	8
		i1_init_endpoin		CODE           	091C	0000	137
		PL389          		CODE           	13D7	0000	7
		PL411          		CODE           	1D04	0000	5
		PL399          		CODE           	1CF6	0000	6
		PL421          		CODE           	0FB1	0000	5
		_product_string		STRCODE        	1930	0000	26
		PL403          		CODE           	0FA9	0000	8
		PL351          		CODE           	1367	0000	26
		i1_usb_init    		CODE           	08C7	0000	85
		i1___wmul      		CODE           	0F86	0000	21
		_configuration_		STRCODE        	1878	0000	70
		PL413          		CODE           	13FB	0000	5
		PL361          		CODE           	07EE	0000	15
		PL371          		CODE           	17CE	0000	12
		__initializatio		CODE           	1458	0000	94
		_fake_serial_nu		STRCODE        	1800	0000	120
		PL381          		CODE           	13CC	0000	11
		PL405          		CODE           	1E71	0000	8
		PL353          		CODE           	1381	0000	20
		PL391          		CODE           	13DE	0000	7
		PL415          		CODE           	17E1	0000	5
		PL363          		CODE           	0898	0000	14
		i1_usb_in_endpo		CODE           	0ECF	0000	12
		_vendor_string 		STRCODE        	18BE	0000	48
		_cdc_data_strin		STRCODE        	18EE	0000	38
		PL373          		CODE           	0FF5	0000	6
		_cdc_interface_		STRCODE        	1914	0000	28
		PL383          		CODE           	0FA1	0000	8
		PL407          		CODE           	17DA	0000	7
		PL355          		CODE           	1FED	0000	19
		PL393          		CODE           	13E5	0000	7
		PL417          		CODE           	1400	0000	5
		i1_pic16_linear		CODE           	0E2E	0000	58
		PL365          		CODE           	1CE2	0000	6
		i1___bmul      		CODE           	0DB4	0000	12
		PL375          		CODE           	13B4	0000	12
		i1_memset      		CODE           	0EB8	0000	23
		PL385          		CODE           	1CE8	0000	8
		_this_device_de		STRCODE        	194A	0000	18
		PL409          		CODE           	13F5	0000	6
		PL357          		CODE           	1395	0000	16
		PL395          		CODE           	1CF0	0000	6
		i1_memcpy      		CODE           	0E68	0000	36
		PL419          		CODE           	0FFB	0000	5
		PL367          		CODE           	1A76	0000	13
		i1_reset_ep0_da		CODE           	0E8C	0000	10
		PL377          		CODE           	0F9B	0000	6

shared estimated size: 1275

user.c
		_led_flash     		CODE           	1A3A	0000	60
		_InitApp       		CODE           	17E6	0000	12

user.c estimated size: 72

main.c
		_main          		CODE           	14B9	0000	536

main.c estimated size: 536

system.c
		_ConfigureOscil		CODE           	17B7	0000	10

system.c estimated size: 10

/Applications/microchip/xc8/v1.33old/sources/common/memset.c
		_memset        		CODE           	12F2	0000	23

/Applications/microchip/xc8/v1.33old/sources/common/memset.c estimated size: 23

